// Vitest Snapshot v1, https://vitest.dev/guide/snapshot.html

exports[`LoginForm renders properly 1`] = `
<DocumentFragment>
  <div
    class="css-1iq6qq8"
  >
    <h1
      class="chakra-heading css-1a0tt1j"
    >
      Log In
    </h1>
    <form>
      <div
        class="chakra-stack css-o51fhk"
      >
        <div
          class="chakra-form-control css-1kxonj9"
          role="group"
        >
          <label
            class="chakra-form__label css-g6pte"
            for="email"
            id="email-label"
          >
            Email
            <span
              aria-hidden="true"
              class="chakra-form__required-indicator css-1tfjd1n"
              role="presentation"
            >
              *
            </span>
          </label>
          <input
            aria-required="true"
            class="chakra-input css-1cjy4zv"
            id="email"
            name="email"
            required=""
            type="email"
            value=""
          />
        </div>
        <div
          class="chakra-form-control css-1kxonj9"
          role="group"
        >
          <label
            class="chakra-form__label css-g6pte"
            for="password"
            id="password-label"
          >
            Password
            <span
              aria-hidden="true"
              class="chakra-form__required-indicator css-1tfjd1n"
              role="presentation"
            >
              *
            </span>
          </label>
          <input
            aria-required="true"
            class="chakra-input css-1cjy4zv"
            id="password"
            name="password"
            required=""
            type="password"
            value=""
          />
        </div>
        <button
          class="chakra-button css-1wz1eic"
          type="submit"
        >
          Log In
        </button>
      </div>
    </form>
  </div>
  <span
    hidden=""
    id="__chakra_env"
  />
</DocumentFragment>
`;
